00:00 +0: loading C:/Users/MateoCoca/Documents/REPOS/timer-salta-rubik/test/data/datasources/auth_local_datasource_test.dart
00:00 +0: C:/Users/MateoCoca/Documents/REPOS/timer-salta-rubik/test/data/datasources/auth_local_datasource_test.dart: returns cached session immediately after save
00:00 +1: C:/Users/MateoCoca/Documents/REPOS/timer-salta-rubik/test/data/datasources/auth_local_datasource_test.dart: clearSession clears both memory and persisted storage
00:00 +2: C:/Users/MateoCoca/Documents/REPOS/timer-salta-rubik/test/data/repositories/auth_repository_impl_test.dart: completes callback from fragment access token and stores session
00:00 +3: C:/Users/MateoCoca/Documents/REPOS/timer-salta-rubik/test/data/repositories/auth_repository_impl_test.dart: completes callback when token comes inside hash route query
00:00 +4: C:/Users/MateoCoca/Documents/REPOS/timer-salta-rubik/test/data/repositories/auth_repository_impl_test.dart: completes callback when token comes as regular query parameter
00:00 +5: C:/Users/MateoCoca/Documents/REPOS/timer-salta-rubik/test/data/repositories/auth_repository_impl_test.dart: returns null when callback does not contain access token
00:01 +6: C:/Users/MateoCoca/Documents/REPOS/timer-salta-rubik/test/domain/entities/solve_test.dart: Solve applies plus two penalty to effective time and display
00:01 +7: C:/Users/MateoCoca/Documents/REPOS/timer-salta-rubik/test/domain/entities/solve_test.dart: Solve represents dnf as invalid effective time
00:01 +8: C:/Users/MateoCoca/Documents/REPOS/timer-salta-rubik/test/domain/entities/solve_test.dart: Solve formats minute based solves correctly
00:01 +9: C:/Users/MateoCoca/Documents/REPOS/timer-salta-rubik/test/domain/entities/solve_test.dart: Solve copyWith updates only provided fields
00:01 +10: C:/Users/MateoCoca/Documents/REPOS/timer-salta-rubik/test/domain/entities/statistics_test.dart: Statistics.fromSolves returns empty statistics when there are no solves
00:01 +11: C:/Users/MateoCoca/Documents/REPOS/timer-salta-rubik/test/domain/entities/statistics_test.dart: Statistics.fromSolves computes pb, current averages, and recent solves order
00:01 +12: C:/Users/MateoCoca/Documents/REPOS/timer-salta-rubik/test/domain/entities/statistics_test.dart: Statistics.fromSolves handles a single dnf in average of five
00:01 +13: C:/Users/MateoCoca/Documents/REPOS/timer-salta-rubik/test/domain/entities/statistics_test.dart: Statistics.fromSolves returns null average when window contains two dnfs
00:01 +14: C:/Users/MateoCoca/Documents/REPOS/timer-salta-rubik/test/domain/entities/statistics_test.dart: Statistics.formatTime formats null and dnf values
00:01 +15: C:/Users/MateoCoca/Documents/REPOS/timer-salta-rubik/test/domain/entities/statistics_test.dart: Statistics.formatTime formats milliseconds into minutes when needed
00:02 +16: C:/Users/MateoCoca/Documents/REPOS/timer-salta-rubik/test/domain/usecases/generate_scramble_test.dart: GenerateScramble falls back to 3x3 for unknown cube types
00:03 +17: C:/Users/MateoCoca/Documents/REPOS/timer-salta-rubik/test/domain/usecases/generate_scramble_test.dart: GenerateScramble generates constrained 2x2 scrambles
00:03 +18: C:/Users/MateoCoca/Documents/REPOS/timer-salta-rubik/test/domain/usecases/generate_scramble_test.dart: GenerateScramble generates official style 4x4 scrambles
00:03 +19: C:/Users/MateoCoca/Documents/REPOS/timer-salta-rubik/test/domain/usecases/generate_scramble_test.dart: GenerateScramble 4x4 scrambles never emit Dw, Lw or Bw wides (FIX-017)
00:03 +20: C:/Users/MateoCoca/Documents/REPOS/timer-salta-rubik/test/presentation/bloc/compete_bloc_test.dart: starts round with same scramble on both lanes when configured
00:03 +21: C:/Users/MateoCoca/Documents/REPOS/timer-salta-rubik/test/presentation/bloc/compete_bloc_test.dart: starts round with same scramble on both lanes when configured
00:03 +22: C:/Users/MateoCoca/Documents/REPOS/timer-salta-rubik/test/presentation/bloc/compete_bloc_test.dart: starts round with same scramble on both lanes when configured
00:03 +23: C:/Users/MateoCoca/Documents/REPOS/timer-salta-rubik/test/presentation/bloc/compete_bloc_test.dart: starts round with same scramble on both lanes when configured
00:03 +24: C:/Users/MateoCoca/Documents/REPOS/timer-salta-rubik/test/domain/usecases/generate_scramble_test.dart: GenerateScramble generates clock scrambles using the fixed WCA-style pattern
00:03 +25: C:/Users/MateoCoca/Documents/REPOS/timer-salta-rubik/test/domain/usecases/generate_scramble_test.dart: GenerateScramble generates clock scrambles using the fixed WCA-style pattern
00:03 +26: C:/Users/MateoCoca/Documents/REPOS/timer-salta-rubik/test/domain/usecases/generate_scramble_test.dart: GenerateScramble generates clock scrambles using the fixed WCA-style pattern
00:03 +27: C:/Users/MateoCoca/Documents/REPOS/timer-salta-rubik/test/domain/usecases/generate_scramble_test.dart: GenerateScramble generates clock scrambles using the fixed WCA-style pattern
00:03 +28: C:/Users/MateoCoca/Documents/REPOS/timer-salta-rubik/test/domain/usecases/generate_scramble_test.dart: GenerateScramble generates clock scrambles using the fixed WCA-style pattern
00:03 +29: C:/Users/MateoCoca/Documents/REPOS/timer-salta-rubik/test/domain/usecases/generate_scramble_test.dart: GenerateScramble generates clock scrambles using the fixed WCA-style pattern
00:03 +30: C:/Users/MateoCoca/Documents/REPOS/timer-salta-rubik/test/presentation/bloc/compete_bloc_test.dart: treats visually equal times as a tie
00:03 +31: C:/Users/MateoCoca/Documents/REPOS/timer-salta-rubik/test/presentation/bloc/compete_bloc_test.dart: treats visually equal times as a tie
00:03 +32: C:/Users/MateoCoca/Documents/REPOS/timer-salta-rubik/test/domain/usecases/generate_scramble_test.dart: GenerateScramble generates clock scrambles with 6 always positive
00:03 +33: C:/Users/MateoCoca/Documents/REPOS/timer-salta-rubik/test/presentation/bloc/compete_bloc_test.dart: keeps next scramble hidden while round is still in progress
00:03 +34: C:/Users/MateoCoca/Documents/REPOS/timer-salta-rubik/test/presentation/bloc/compete_bloc_test.dart: keeps next scramble hidden while round is still in progress
00:03 +35: C:/Users/MateoCoca/Documents/REPOS/timer-salta-rubik/test/domain/usecases/generate_scramble_test.dart: GenerateScramble supports all configured public puzzle types
00:03 +36: C:/Users/MateoCoca/Documents/REPOS/timer-salta-rubik/test/domain/usecases/generate_scramble_test.dart: GenerateScramble supports all configured public puzzle types
00:03 +37: C:/Users/MateoCoca/Documents/REPOS/timer-salta-rubik/test/domain/usecases/generate_scramble_test.dart: GenerateScramble supports all configured public puzzle types
00:03 +38: C:/Users/MateoCoca/Documents/REPOS/timer-salta-rubik/test/domain/usecases/generate_scramble_test.dart: GenerateScramble supports all configured public puzzle types
00:04 +39: C:/Users/MateoCoca/Documents/REPOS/timer-salta-rubik/test/presentation/bloc/session_bloc_test.dart: loads sessions and selects the default session when available
00:04 +40: C:/Users/MateoCoca/Documents/REPOS/timer-salta-rubik/test/presentation/bloc/session_bloc_test.dart: creates a default session if repository is empty
00:04 +41: C:/Users/MateoCoca/Documents/REPOS/timer-salta-rubik/test/presentation/bloc/session_bloc_test.dart: preserves the currently selected session if it still exists after reload
00:04 +42: C:/Users/MateoCoca/Documents/REPOS/timer-salta-rubik/test/presentation/bloc/session_bloc_test.dart: selects a session by id
00:04 +43: C:/Users/MateoCoca/Documents/REPOS/timer-salta-rubik/test/presentation/bloc/session_bloc_test.dart: creates a new session and makes it current
00:04 +44: C:/Users/MateoCoca/Documents/REPOS/timer-salta-rubik/test/presentation/bloc/session_bloc_test.dart: reloads sessions after an update
00:04 +45: C:/Users/MateoCoca/Documents/REPOS/timer-salta-rubik/test/presentation/bloc/session_bloc_test.dart: emits error when loading sessions fails
00:04 +46: C:/Users/MateoCoca/Documents/REPOS/timer-salta-rubik/test/presentation/bloc/session_bloc_test.dart: (tearDownAll)
00:05 +46: C:/Users/MateoCoca/Documents/REPOS/timer-salta-rubik/test/presentation/bloc/solve_bloc_test.dart: (setUpAll)
00:05 +46: C:/Users/MateoCoca/Documents/REPOS/timer-salta-rubik/test/presentation/bloc/solve_bloc_test.dart: loads solves for a session
00:05 +47: C:/Users/MateoCoca/Documents/REPOS/timer-salta-rubik/test/presentation/bloc/solve_bloc_test.dart: emits error when loading solves fails
00:05 +48: C:/Users/MateoCoca/Documents/REPOS/timer-salta-rubik/test/presentation/bloc/solve_bloc_test.dart: generates a scramble and clears loading flag
00:05 +49: C:/Users/MateoCoca/Documents/REPOS/timer-salta-rubik/test/presentation/bloc/solve_bloc_test.dart: loads statistics for a session
00:05 +50: C:/Users/MateoCoca/Documents/REPOS/timer-salta-rubik/test/presentation/bloc/solve_bloc_test.dart: add solve orchestrates reloads, statistics refresh, and next scramble
00:05 +51: C:/Users/MateoCoca/Documents/REPOS/timer-salta-rubik/test/presentation/bloc/solve_bloc_test.dart: update solve reloads solves and statistics
00:05 +52: C:/Users/MateoCoca/Documents/REPOS/timer-salta-rubik/test/presentation/bloc/solve_bloc_test.dart: delete solve reloads using current session from state
00:05 +53: C:/Users/MateoCoca/Documents/REPOS/timer-salta-rubik/test/presentation/bloc/solve_bloc_test.dart: delete session solves clears the current session history
00:05 +54: C:/Users/MateoCoca/Documents/REPOS/timer-salta-rubik/test/presentation/bloc/solve_bloc_test.dart: (tearDownAll)
00:06 +54: C:/Users/MateoCoca/Documents/REPOS/timer-salta-rubik/test/presentation/bloc/timer_bloc_test.dart: TimerBloc starts in idle state
00:06 +55: C:/Users/MateoCoca/Documents/REPOS/timer-salta-rubik/test/presentation/bloc/timer_bloc_test.dart: TimerBloc transitions from hold to armed as thresholds elapse
00:06 +56: C:/Users/MateoCoca/Documents/REPOS/timer-salta-rubik/test/presentation/bloc/timer_bloc_test.dart: TimerBloc releasing before armed resets timer
00:06 +57: C:/Users/MateoCoca/Documents/REPOS/timer-salta-rubik/test/presentation/bloc/timer_bloc_test.dart: TimerBloc releasing after armed starts the timer and stop records elapsed time
00:06 +58: C:/Users/MateoCoca/Documents/REPOS/timer-salta-rubik/test/presentation/bloc/timer_bloc_test.dart: TimerBloc stop uses the provided stoppedAt timestamp exactly
00:06 +59: C:/Users/MateoCoca/Documents/REPOS/timer-salta-rubik/test/presentation/bloc/timer_bloc_test.dart: TimerBloc stop uses elapsed override when provided
00:06 +60: C:/Users/MateoCoca/Documents/REPOS/timer-salta-rubik/test/presentation/bloc/timer_bloc_test.dart: TimerBloc toggle events update feature flags
00:06 +61: C:/Users/MateoCoca/Documents/REPOS/timer-salta-rubik/test/presentation/bloc/timer_bloc_test.dart: TimerBloc inspection start enters inspection mode
00:06 +61 -1: C:/Users/MateoCoca/Documents/REPOS/timer-salta-rubik/test/presentation/bloc/timer_bloc_test.dart: TimerBloc inspection start enters inspection mode [E]
  Expected: TimerStatus:<TimerStatus.inspection>
    Actual: TimerStatus:<TimerStatus.holdPending>
  
  package:matcher                                     expect
  package:flutter_test/src/widget_tester.dart 474:18  expect
  test\presentation\bloc\timer_bloc_test.dart 164:7   main.<fn>.<fn>
  
00:06 +61 -1: C:/Users/MateoCoca/Documents/REPOS/timer-salta-rubik/test/presentation/bloc/timer_bloc_test.dart: TimerBloc inspection over configured threshold applies plus two penalty
00:06 +61 -2: C:/Users/MateoCoca/Documents/REPOS/timer-salta-rubik/test/presentation/bloc/timer_bloc_test.dart: TimerBloc inspection over configured threshold applies plus two penalty [E]
  Expected: TimerStatus:<TimerStatus.armed>
    Actual: TimerStatus:<TimerStatus.idle>
  
  package:matcher                                     expect
  package:flutter_test/src/widget_tester.dart 474:18  expect
  test\presentation\bloc\timer_bloc_test.dart 185:7   main.<fn>.<fn>
  
00:06 +61 -2: C:/Users/MateoCoca/Documents/REPOS/timer-salta-rubik/test/presentation/bloc/timer_bloc_test.dart: TimerBloc brief tap after stop returns to stopped state preserving elapsed (FIX-016)
00:07 +62 -2: C:/Users/MateoCoca/Documents/REPOS/timer-salta-rubik/test/presentation/pages/auth_page_test.dart: shows WCA login button when signed out
00:07 +63 -2: C:/Users/MateoCoca/Documents/REPOS/timer-salta-rubik/test/presentation/pages/auth_page_test.dart: shows WCA login button when signed out
00:07 +63 -3: C:/Users/MateoCoca/Documents/REPOS/timer-salta-rubik/test/presentation/pages/auth_page_test.dart: shows WCA login button when signed out
00:07 +63 -3: C:/Users/MateoCoca/Documents/REPOS/timer-salta-rubik/test/presentation/bloc/timer_bloc_test.dart: TimerBloc inspection over configured dnf threshold produces dnf [E]
  Expected: TimerStatus:<TimerStatus.stopped>
    Actual: TimerStatus:<TimerStatus.idle>
  
  package:matcher                                     expect
  package:flutter_test/src/widget_tester.dart 474:18  expect
  test\presentation\bloc\timer_bloc_test.dart 280:7   main.<fn>.<fn>
  
00:07 +63 -3: C:/Users/MateoCoca/Documents/REPOS/timer-salta-rubik/test/presentation/pages/auth_page_test.dart: shows WCA login button when signed out
00:09 +64 -3: C:/Users/MateoCoca/Documents/REPOS/timer-salta-rubik/test/presentation/pages/auth_page_test.dart: shows WCA login button when signed out
00:09 +65 -3: C:/Users/MateoCoca/Documents/REPOS/timer-salta-rubik/test/presentation/pages/auth_page_test.dart: shows WCA login button when signed out
00:09 +66 -3: C:/Users/MateoCoca/Documents/REPOS/timer-salta-rubik/test/presentation/pages/auth_page_test.dart: shows WCA login button when signed out
00:09 +67 -3: C:/Users/MateoCoca/Documents/REPOS/timer-salta-rubik/test/presentation/pages/auth_page_test.dart: shows WCA login button when signed out
00:09 +68 -3: C:/Users/MateoCoca/Documents/REPOS/timer-salta-rubik/test/presentation/pages/auth_page_test.dart: shows WCA login button when signed out
00:09 +69 -3: C:/Users/MateoCoca/Documents/REPOS/timer-salta-rubik/test/presentation/pages/auth_page_test.dart: shows WCA login button when signed out
00:09 +70 -3: C:/Users/MateoCoca/Documents/REPOS/timer-salta-rubik/test/presentation/pages/auth_page_test.dart: shows WCA login button when signed out
00:09 +71 -3: C:/Users/MateoCoca/Documents/REPOS/timer-salta-rubik/test/presentation/pages/auth_page_test.dart: shows WCA login button when signed out
00:09 +72 -3: C:/Users/MateoCoca/Documents/REPOS/timer-salta-rubik/test/presentation/pages/auth_page_test.dart: shows WCA login button when signed out
00:09 +73 -3: C:/Users/MateoCoca/Documents/REPOS/timer-salta-rubik/test/presentation/pages/auth_page_test.dart: shows WCA login button when signed out
unhandled element <inkscape:perspective/>; Picture key: Svg loader
unhandled element <sodipodi:namedview/>; Picture key: Svg loader
unhandled element <metadata/>; Picture key: Svg loader
00:09 +74 -3: C:/Users/MateoCoca/Documents/REPOS/timer-salta-rubik/test/presentation/pages/compete_page_test.dart: a single lane does not start the competition
00:10 +75 -3: C:/Users/MateoCoca/Documents/REPOS/timer-salta-rubik/test/presentation/pages/timer_page_test.dart: dispatches initial load and scramble events on first build
00:10 +76 -3: C:/Users/MateoCoca/Documents/REPOS/timer-salta-rubik/test/presentation/pages/timer_page_test.dart: dispatches initial load and scramble events on first build
00:10 +77 -3: C:/Users/MateoCoca/Documents/REPOS/timer-salta-rubik/test/presentation/pages/timer_page_test.dart: dispatches initial load and scramble events on first build
00:10 +78 -3: C:/Users/MateoCoca/Documents/REPOS/timer-salta-rubik/test/presentation/pages/timer_page_test.dart: dispatches initial load and scramble events on first build
00:10 +79 -3: C:/Users/MateoCoca/Documents/REPOS/timer-salta-rubik/test/presentation/pages/timer_page_test.dart: dispatches initial load and scramble events on first build
00:11 +80 -3: C:/Users/MateoCoca/Documents/REPOS/timer-salta-rubik/test/presentation/pages/timer_page_test.dart: dispatches initial load and scramble events on first build
00:11 +81 -3: C:/Users/MateoCoca/Documents/REPOS/timer-salta-rubik/test/presentation/pages/timer_page_test.dart: dispatches initial load and scramble events on first build
00:12 +82 -3: C:/Users/MateoCoca/Documents/REPOS/timer-salta-rubik/test/presentation/pages/timer_page_test.dart: dispatches initial load and scramble events on first build
00:12 +83 -3: C:/Users/MateoCoca/Documents/REPOS/timer-salta-rubik/test/presentation/pages/timer_page_test.dart: dispatches initial load and scramble events on first build
00:13 +84 -3: C:/Users/MateoCoca/Documents/REPOS/timer-salta-rubik/test/presentation/widgets/scramble_display_test.dart: reduces text size for longer scrambles
00:13 +85 -3: C:/Users/MateoCoca/Documents/REPOS/timer-salta-rubik/test/presentation/widgets/scramble_display_test.dart: reduces text size for longer scrambles
00:14 +86 -3: C:/Users/MateoCoca/Documents/REPOS/timer-salta-rubik/test/presentation/widgets/scramble_preview_test.dart: renders preview for supported 3x3 scrambles
00:14 +87 -3: C:/Users/MateoCoca/Documents/REPOS/timer-salta-rubik/test/presentation/widgets/scramble_preview_test.dart: renders preview for supported 3x3 scrambles
00:14 +88 -3: C:/Users/MateoCoca/Documents/REPOS/timer-salta-rubik/test/presentation/widgets/scramble_preview_test.dart: renders preview for supported 3x3 scrambles
00:14 +89 -3: C:/Users/MateoCoca/Documents/REPOS/timer-salta-rubik/test/presentation/widgets/session_selector_test.dart: selecting the current session does not regenerate scramble
00:15 +90 -3: C:/Users/MateoCoca/Documents/REPOS/timer-salta-rubik/test/presentation/widgets/session_selector_test.dart: selecting the current session does not regenerate scramble
00:15 +91 -3: C:/Users/MateoCoca/Documents/REPOS/timer-salta-rubik/test/presentation/widgets/session_selector_test.dart: selecting the current session does not regenerate scramble
00:15 +92 -3: C:/Users/MateoCoca/Documents/REPOS/timer-salta-rubik/test/presentation/widgets/session_selector_test.dart: selecting the current session does not regenerate scramble
00:15 +92 -3: C:/Users/MateoCoca/Documents/REPOS/timer-salta-rubik/test/presentation/widgets/scramble_display_test.dart: keeps long 7x7 scramble fully readable via internal scroll (FIX-019)
ΓòÉΓòÉΓòí EXCEPTION CAUGHT BY FLUTTER TEST FRAMEWORK Γò₧ΓòÉΓòÉΓòÉΓòÉΓòÉΓòÉΓòÉΓòÉΓòÉΓòÉΓòÉΓòÉΓòÉΓòÉΓòÉΓòÉΓòÉΓòÉΓòÉΓòÉΓòÉΓòÉΓòÉΓòÉΓòÉΓòÉΓòÉΓòÉΓòÉΓòÉΓòÉΓòÉΓòÉΓòÉΓòÉΓòÉΓòÉΓòÉΓòÉΓòÉΓòÉΓòÉΓòÉΓòÉΓòÉΓòÉΓòÉΓòÉΓòÉΓòÉΓòÉΓòÉ
The following TestFailure was thrown running a test:
Expected: a value less than or equal to <220>
  Actual: <254.0>
   Which: is not a value less than or equal to <220>

When the exception was thrown, this was the stack:
#4      main.<anonymous closure> (file:///C:/Users/MateoCoca/Documents/REPOS/timer-salta-rubik/test/presentation/widgets/scramble_display_test.dart:119:5)
<asynchronous suspension>
#5      testWidgets.<anonymous closure>.<anonymous closure> (package:flutter_test/src/widget_tester.dart:193:15)
<asynchronous suspension>
#6      TestWidgetsFlutterBinding._runTestBody (package:flutter_test/src/binding.dart:1064:5)
<asynchronous suspension>
<asynchronous suspension>
(elided one frame from package:stack_trace)

This was caught by the test expectation on the following line:
  file:///C:/Users/MateoCoca/Documents/REPOS/timer-salta-rubik/test/presentation/widgets/scramble_display_test.dart line 119
The test description was:
  keeps long 7x7 scramble fully readable via internal scroll (FIX-019)
ΓòÉΓòÉΓòÉΓòÉΓòÉΓòÉΓòÉΓòÉΓòÉΓòÉΓòÉΓòÉΓòÉΓòÉΓòÉΓòÉΓòÉΓòÉΓòÉΓòÉΓòÉΓòÉΓòÉΓòÉΓòÉΓòÉΓòÉΓòÉΓòÉΓòÉΓòÉΓòÉΓòÉΓòÉΓòÉΓòÉΓòÉΓòÉΓòÉΓòÉΓòÉΓòÉΓòÉΓòÉΓòÉΓòÉΓòÉΓòÉΓòÉΓòÉΓòÉΓòÉΓòÉΓòÉΓòÉΓòÉΓòÉΓòÉΓòÉΓòÉΓòÉΓòÉΓòÉΓòÉΓòÉΓòÉΓòÉΓòÉΓòÉΓòÉΓòÉΓòÉΓòÉΓòÉΓòÉΓòÉΓòÉΓòÉΓòÉΓòÉΓòÉΓòÉΓòÉΓòÉΓòÉΓòÉΓòÉΓòÉΓòÉΓòÉΓòÉΓòÉΓòÉΓòÉΓòÉΓòÉΓòÉΓòÉΓòÉΓòÉ
00:15 +92 -4: C:/Users/MateoCoca/Documents/REPOS/timer-salta-rubik/test/presentation/widgets/session_selector_test.dart: selecting the current session does not regenerate scramble
00:15 +92 -4: C:/Users/MateoCoca/Documents/REPOS/timer-salta-rubik/test/presentation/widgets/scramble_display_test.dart: keeps long 7x7 scramble fully readable via internal scroll (FIX-019) [E]
  Test failed. See exception logs above.
  The test description was: keeps long 7x7 scramble fully readable via internal scroll (FIX-019)
  
00:15 +92 -4: C:/Users/MateoCoca/Documents/REPOS/timer-salta-rubik/test/presentation/widgets/session_selector_test.dart: selecting the current session does not regenerate scramble
00:15 +93 -4: C:/Users/MateoCoca/Documents/REPOS/timer-salta-rubik/test/presentation/widgets/session_selector_test.dart: selecting the current session does not regenerate scramble
00:15 +94 -4: C:/Users/MateoCoca/Documents/REPOS/timer-salta-rubik/test/presentation/widgets/session_selector_test.dart: selecting the current session does not regenerate scramble
00:16 +95 -4: C:/Users/MateoCoca/Documents/REPOS/timer-salta-rubik/test/presentation/widgets/session_selector_test.dart: selecting the current session does not regenerate scramble
00:16 +96 -4: C:/Users/MateoCoca/Documents/REPOS/timer-salta-rubik/test/presentation/widgets/session_selector_test.dart: selecting the current session does not regenerate scramble
00:16 +97 -4: C:/Users/MateoCoca/Documents/REPOS/timer-salta-rubik/test/presentation/widgets/session_selector_test.dart: selecting the current session does not regenerate scramble
00:17 +98 -4: C:/Users/MateoCoca/Documents/REPOS/timer-salta-rubik/test/presentation/widgets/solve_list_test.dart: deletes all solves in the active session from header action
00:17 +99 -4: C:/Users/MateoCoca/Documents/REPOS/timer-salta-rubik/test/presentation/widgets/solve_list_test.dart: deletes all solves in the active session from header action
00:18 +100 -4: C:/Users/MateoCoca/Documents/REPOS/timer-salta-rubik/test/presentation/widgets/solve_list_test.dart: deletes all solves in the active session from header action
00:18 +101 -4: C:/Users/MateoCoca/Documents/REPOS/timer-salta-rubik/test/presentation/widgets/solve_list_test.dart: deletes all solves in the active session from header action
00:18 +102 -4: C:/Users/MateoCoca/Documents/REPOS/timer-salta-rubik/test/presentation/widgets/solve_list_test.dart: deletes all solves in the active session from header action
00:19 +103 -4: C:/Users/MateoCoca/Documents/REPOS/timer-salta-rubik/test/presentation/widgets/solve_list_test.dart: deletes all solves in the active session from header action
00:19 +104 -4: C:/Users/MateoCoca/Documents/REPOS/timer-salta-rubik/test/presentation/widgets/solve_list_test.dart: deletes all solves in the active session from header action
00:19 +105 -4: C:/Users/MateoCoca/Documents/REPOS/timer-salta-rubik/test/presentation/widgets/statistics_panel_test.dart: hides averages whose minimum solve count has not been met
00:19 +106 -4: C:/Users/MateoCoca/Documents/REPOS/timer-salta-rubik/test/presentation/widgets/statistics_panel_test.dart: hides averages whose minimum solve count has not been met
00:19 +107 -4: C:/Users/MateoCoca/Documents/REPOS/timer-salta-rubik/test/presentation/widgets/timer_display_test.dart: uses square immersive timer surface while running
00:19 +108 -4: C:/Users/MateoCoca/Documents/REPOS/timer-salta-rubik/test/presentation/widgets/timer_display_test.dart: uses square immersive timer surface while running
00:19 +109 -4: C:/Users/MateoCoca/Documents/REPOS/timer-salta-rubik/test/presentation/widgets/timer_display_test.dart: uses square immersive timer surface while running
00:19 +110 -4: C:/Users/MateoCoca/Documents/REPOS/timer-salta-rubik/test/presentation/widgets/timer_display_test.dart: uses square immersive timer surface while running
00:19 +111 -4: C:/Users/MateoCoca/Documents/REPOS/timer-salta-rubik/test/presentation/widgets/timer_display_test.dart: uses square immersive timer surface while running
00:19 +112 -4: C:/Users/MateoCoca/Documents/REPOS/timer-salta-rubik/test/widget_test.dart: App starts smoke test
00:20 +113 -4: C:/Users/MateoCoca/Documents/REPOS/timer-salta-rubik/test/widget_test.dart: App starts smoke test
00:20 +114 -4: C:/Users/MateoCoca/Documents/REPOS/timer-salta-rubik/test/widget_test.dart: App starts smoke test
00:20 +115 -4: C:/Users/MateoCoca/Documents/REPOS/timer-salta-rubik/test/widget_test.dart: App starts smoke test
00:20 +116 -4: C:/Users/MateoCoca/Documents/REPOS/timer-salta-rubik/test/widget_test.dart: App starts smoke test
00:21 +117 -4: C:/Users/MateoCoca/Documents/REPOS/timer-salta-rubik/test/widget_test.dart: (tearDownAll)
00:21 +117 -4: Some tests failed.
